# Source: jxboot-helmfile-resources/templates/build-bot-serviceaccount.yaml
apiVersion: v1
kind: ServiceAccount
metadata:
  name: "tekton-bot"
  annotations: 
    myannotation: cheese
secrets:
- name: tekton-container-registry-auth
- name: tekton-git
