# Source: jxboot-helmfile-resources/templates/environments.yaml
apiVersion: jenkins.io/v1
kind: Environment
metadata:
  labels:
    env: "another"
    team: jx
  name: "another"
spec:
  source:
    ref: "master"
    url: https://github.com/myorg/environment-mycluster-another.git
  kind: Permanent
  label: Another
  order: 500
  promotionStrategy: "Auto"
  namespace: "jx-another"
