# Source: jxboot-helmfile-resources/templates/environments.yaml
apiVersion: jenkins.io/v1
kind: Environment
metadata:
  labels:
    env: "custom"
    team: jx
  name: "custom"
spec:
  source:
    ref: "master"
    url: https://github.com/myorg/environment-mycluster-custom.git
  kind: Permanent
  label: Custom
  order: 500
  promotionStrategy: "Manual"
  namespace: "jx-custom"
