# Source: jxboot-helmfile-resources/templates/core-chartmuseum-secret.yaml
apiVersion: v1
data:
  BASIC_AUTH_PASS: "c2VjcmV0Y2hhcnRtdXNldW1wd2Q="
  BASIC_AUTH_USER: "bXl1c2Vy"
kind: Secret
metadata:
  annotations:
    jenkins.io/credentials-keybinding-password: BASIC_AUTH_PASS
    jenkins.io/credentials-keybinding-username: BASIC_AUTH_USER
    jenkins.io/foo: bar
  labels:
    jenkins.io/credentials-type: usernamePassword
    release: jenkins-x
  name: jenkins-x-chartmuseum-core
type: Opaque
