# Source: jxboot-helmfile-resources/templates/featureflag-secret.yaml
apiVersion: v1
data:
  key: "c2VjcmV0RmVhdHVyZUZsYWdBUElLZXk="
kind: Secret
metadata:
  name: jx-featureflag
type: Opaque
