# Source: jxboot-helmfile-resources/templates/local-secrets.yaml
apiVersion: v1
kind: Secret
metadata:
  name: jx-local-secrets
type: Opaque
data:
  secrets.yaml: "c2VjcmV0czoKICBhZG1pblVzZXI6CiAgICBwYXNzd29yZDogIiIKICAgIHVzZXJuYW1lOiBhZG1pbgogIGNoYXJ0TXVzZXVtOgogICAgcGFzc3dvcmQ6IHNlY3JldGNoYXJ0bXVzZXVtcHdkCiAgICB1c2VybmFtZTogbXl1c2VyCiAgZG9ja2VyQ29uZmlnOiAne30nCiAgZmVhdHVyZUZsYWdBUElLZXk6IHNlY3JldEZlYXR1cmVGbGFnQVBJS2V5CiAgZ3BnOgogICAgcHVicmluZzogIiIKICAgIHNlY2plbmtpbnM6ICIiCiAgICBzZWNyaW5nOiAiIgogICAgdHJ1c3RkYjogIiIKICBrYW5pa29TZWNyZXQ6ICIiCiAgbWF2ZW5TZXR0aW5nczogIiIKICBucG1Ub2tlbjogIiIKICBwaXBlbGluZVVzZXI6CiAgICBlbWFpbDogIiIKICAgIHRva2VuOiBteXVzZXJ0b2tlbgogICAgdXNlcm5hbWU6ICIiCiAgdGVrdG9uQnVja2V0OiB0ZWt0b25CdWNrZXRUb2tlbg=="
