# Source: jxboot-helmfile-resources/templates/tekton-artifact-bucket-secret.yaml
apiVersion: v1
data:
  json: "dGVrdG9uQnVja2V0VG9rZW4="
kind: Secret
metadata:
  annotations:
    # Workaround until Kubernetes Credentials Provider can deal with a secret without annotations.
    jenkins.io/foo: bar
  labels:
    jenkins.io/credentials-type: secretText
  name: tekton-artifact-bucket
type: Opaque
