# Source: jxboot-helmfile-resources/templates/repositories.yaml
apiVersion: jenkins.io/v1
kind: SourceRepository
metadata:
  name: "production"
  labels:
    jenkins.io/gitSync: "false"
spec:
  description: "the git repository for the Production environment"
  provider: "https://mygitlab.com"
  providerKind: 'gitlab'
  providerName: 'gitlab'
  org: "myorg"
  repo: "environment-mycluster-production"
  httpCloneURL: "https://mygitlab.com/myorg/environment-mycluster-production.git"
  url: "https://mygitlab.com/myorg/environment-mycluster-production.git"
  scheduler:
    kind: Scheduler
    name: "in-repo"
