# Source: jxboot-helmfile-resources/templates/docker-cfg-secret.yaml
apiVersion: v1
kind: Secret
metadata:
  name: jenkins-docker-cfg
type: Opaque
data:
  config.json: "e30="
