# Source: jxboot-helmfile-resources/templates/local-secrets.yaml
apiVersion: v1
kind: Secret
metadata:
  name: jx-local-secrets
type: Opaque
data:
  secrets.yaml: "c2VjcmV0czoKICBhZG1pblVzZXI6CiAgICBwYXNzd29yZDogIiIKICAgIHVzZXJuYW1lOiBhZG1pbgogIGNoYXJ0TXVzZXVtOgogICAgcGFzc3dvcmQ6ICIiCiAgICB1c2VybmFtZTogIiIKICBkb2NrZXJDb25maWc6ICd7fScKICBmZWF0dXJlRmxhZ0FQSUtleTogIiIKICBncGc6CiAgICBwdWJyaW5nOiAiIgogICAgc2VjamVua2luczogIiIKICAgIHNlY3Jpbmc6ICIiCiAgICB0cnVzdGRiOiAiIgogIGthbmlrb1NlY3JldDogIiIKICBtYXZlblNldHRpbmdzOiAiIgogIG5wbVRva2VuOiAiIgogIHBpcGVsaW5lVXNlcjoKICAgIGVtYWlsOiAiIgogICAgdG9rZW46ICIiCiAgICB1c2VybmFtZTogIiIKICB0ZWt0b25CdWNrZXQ6ICIi"
